// Jest Snapshot v1, https://goo.gl/fbAQLP

exports[`ConferenceInfoList renders conference link 1`] = `
<div
  className="__InlineList__"
>
  <span>
    Contribution to
    : 
  </span>
  <ul
    className="separate-items-with-comma"
  >
    <li
      key="111111"
    >
      <ConferenceInfo
        conferenceInfo={
          Immutable.Map {
            "titles": Immutable.List [
              Immutable.Map {
                "title": "Test Conferece 2",
              },
            ],
            "control_number": 111111,
          }
        }
      />
    </li>
    <li
      key="222222"
    >
      <ConferenceInfo
        conferenceInfo={
          Immutable.Map {
            "titles": Immutable.List [
              Immutable.Map {
                "title": "Test Conferece 2",
              },
            ],
            "control_number": 222222,
          }
        }
      />
    </li>
  </ul>
</div>
`;
