// Jest Snapshot v1, https://goo.gl/fbAQLP

exports[`ConferenceInfoList renders conference link 1`] = `
<div
  className="__InlineList__"
>
  <span>
    Contribution to
    : 
  </span>
  <ul
    className="separate-items-with-comma"
  >
    <li
      key="Test Conferece 2"
    >
      Test Conferece 2
    </li>
    <li
      key="Test Conferece 2"
    >
      Test Conferece 2
    </li>
  </ul>
</div>
`;
