// Jest Snapshot v1, https://goo.gl/fbAQLP

exports[`ReferenceList does not render without references 1`] = `""`;

exports[`ReferenceList renders as loading if set 1`] = `
<PaginatedList
  items={
    Immutable.List [
    ]
  }
  loading={true}
  pageSize={25}
  renderItem={[Function]}
  title="References"
/>
`;

exports[`ReferenceList renders with references 1`] = `
<List
  bordered={false}
  dataSource={Array []}
  footer={
    <Pagination
      current={1}
      loading={false}
      onChange={[Function]}
      pageSize={25}
      prefixCls="ant-pagination"
      selectPrefixCls="ant-select"
      showTotal={[Function]}
      total={2}
    />
  }
  header="References"
  loading={false}
  pagination={false}
  prefixCls="ant-list"
  split={true}
>
  <ReferenceItem
    key="Reference 1"
    reference={
      Immutable.Map {
        titles: Immutable.List [
          Immutable.Map {
            title: "Reference 1",
          },
        ],
      }
    }
  />
  <ReferenceItem
    key="Reference 2"
    reference={
      Immutable.Map {
        titles: Immutable.List [
          Immutable.Map {
            title: "Reference 2",
          },
        ],
      }
    }
  />
</List>
`;
