// Jest Snapshot v1, https://goo.gl/fbAQLP

exports[`ReportNumberList renders with report numbers 1`] = `
<DocumentFragment>
  <div
    class="__InlineList__"
    data-testid="inline-data-list"
  >
    <span
      class=""
    >
      Report number: 
    </span>
    <ul>
      <li>
        <span>
          ABCD-AB-CD-1234-123
        </span>
      </li>
    </ul>
  </div>
</DocumentFragment>
`;
