// Vitest Snapshot v1, https://vitest.dev/guide/snapshot.html

exports[`SearchBox > render initial state with all props set 1`] = `
<DocumentFragment>
  <div
    class="ant-space-compact css-dev-only-do-not-override-oc1rc0 ant-space-compact-block"
    data-testid="searchbox"
    style="align-items: center;"
  >
    <span
      class="ant-input-group-addon"
    >
      <div
        class="ant-select ant-select-outlined ant-select-compact-item ant-select-compact-first-item css-var-root ant-select-css-var css-dev-only-do-not-override-oc1rc0 ant-select-single ant-select-show-arrow"
        data-testid="select-box"
        style="height: 40px;"
      >
        <div
          class="ant-select-content ant-select-content-has-value"
        >
          <span>
            literature
          </span>
          <input
            aria-autocomplete="list"
            aria-expanded="false"
            aria-haspopup="listbox"
            autocomplete="new-password"
            class="ant-select-input"
            id="test-id"
            readonly=""
            role="combobox"
            type="text"
            value=""
          />
        </div>
        <div
          class="ant-select-suffix"
        >
          <span
            aria-label="down"
            class="anticon anticon-down"
            role="img"
          >
            <svg
              aria-hidden="true"
              data-icon="down"
              fill="currentColor"
              focusable="false"
              height="1em"
              viewBox="64 64 896 896"
              width="1em"
            >
              <path
                d="M884 256h-75c-5.1 0-9.9 2.5-12.9 6.6L512 654.2 227.9 262.6c-3-4.1-7.8-6.6-12.9-6.6h-75c-6.5 0-10.3 7.4-6.5 12.7l352.6 486.1c12.8 17.6 39 17.6 51.7 0l352.6-486.1c3.9-5.3.1-12.7-6.4-12.7z"
              />
            </svg>
          </span>
        </div>
      </div>
    </span>
    <span
      aria-live="polite"
      style="width: 0px; height: 0px; position: absolute; overflow: hidden; opacity: 0;"
    >
      value
    </span>
    <div
      class="ant-select ant-select-outlined ant-select-compact-item ant-select-compact-last-item autocomplete ant-select-auto-complete autocomplete ant-select-customize css-var-root ant-select-css-var css-dev-only-do-not-override-oc1rc0 ant-select-focused ant-select-single ant-select-customize-input ant-select-show-search"
      style="width: 100%;"
    >
      <div
        class="ant-select-content ant-select-content-has-value ant-select-content-has-search-value"
        title="value"
      >
        <div
          class="ant-space-compact css-dev-only-do-not-override-oc1rc0 ant-input-search css-var-root ant-input-search-large ant-input-search-with-button ant-select-input css-dev-only-do-not-override-oc1rc0"
          data-test-id="search-box-input"
          data-testid="search-box-input"
        >
          <input
            aria-autocomplete="list"
            aria-expanded="false"
            aria-haspopup="listbox"
            autocomplete="new-password"
            class="ant-input ant-input-lg css-dev-only-do-not-override-oc1rc0 ant-input-outlined css-var-root ant-input-css-var ant-input-compact-item"
            id="test-id"
            placeholder="placeholder"
            role="combobox"
            type="search"
            value="value"
          />
          <button
            class="ant-btn css-dev-only-do-not-override-oc1rc0 css-var-root ant-btn-default ant-btn-color-primary ant-btn-variant-solid ant-btn-lg ant-btn-compact-item ant-btn-compact-last-item ant-input-search-btn"
            type="button"
          >
            <span
              class="ant-btn-icon"
            >
              <span
                aria-label="search"
                class="anticon anticon-search"
                role="img"
              >
                <svg
                  aria-hidden="true"
                  data-icon="search"
                  fill="currentColor"
                  focusable="false"
                  height="1em"
                  viewBox="64 64 896 896"
                  width="1em"
                >
                  <path
                    d="M909.6 854.5L649.9 594.8C690.2 542.7 712 479 712 412c0-80.2-31.3-155.4-87.9-212.1-56.6-56.7-132-87.9-212.1-87.9s-155.5 31.3-212.1 87.9C143.2 256.5 112 331.8 112 412c0 80.1 31.3 155.5 87.9 212.1C256.5 680.8 331.8 712 412 712c67 0 130.6-21.8 182.7-62l259.7 259.6a8.2 8.2 0 0011.6 0l43.6-43.5a8.2 8.2 0 000-11.6zM570.4 570.4C528 612.7 471.8 636 412 636s-116-23.3-158.4-65.6C211.3 528 188 471.8 188 412s23.3-116.1 65.6-158.4C296 211.3 352.2 188 412 188s116.1 23.2 158.4 65.6S636 352.2 636 412s-23.3 116.1-65.6 158.4z"
                  />
                </svg>
              </span>
            </span>
          </button>
        </div>
      </div>
    </div>
  </div>
</DocumentFragment>
`;
