// Jest Snapshot v1, https://goo.gl/fbAQLP

exports[`PaginationContainer renders initially with all state 1`] = `
<Pagination
  current={2}
  hideOnSinglePage={true}
  onChange={[Function]}
  pageSize={25}
  prefixCls="ant-pagination"
  selectPrefixCls="ant-select"
  style={
    Object {
      "textAlign": "center",
    }
  }
  total={100}
/>
`;
