// Vitest Snapshot v1, https://vitest.dev/guide/snapshot.html

exports[`InstitutionSubmissionPageContainer > InstitutionSubmissionPage > renders 1`] = `
<DocumentFragment>
  <div
    class="ant-row ant-row-center css-dev-only-do-not-override-oc1rc0 css-var-root"
    data-testid="institution-submission-page"
    type="flex"
  >
    <div
      class="ant-col mt3 mb3 ant-col-xs-24 ant-col-md-21 ant-col-lg-16 ant-col-xl-15 ant-col-xxl-14 css-dev-only-do-not-override-oc1rc0 css-var-root"
    >
      <div
        class="ant-row mb3 pa3 bg-white css-dev-only-do-not-override-oc1rc0 css-var-root"
      >
        <div
          class="ant-col ant-col-24 css-dev-only-do-not-override-oc1rc0 css-var-root"
        >
          <h3>
            Suggest institution
          </h3>
          <span>
            This form allows you to create a new institution record. It will appear in the 
            <a
              href="/institutions"
            >
              Institutions List
            </a>
             immediately.
          </span>
        </div>
      </div>
      <div
        class="ant-row css-dev-only-do-not-override-oc1rc0 css-var-root"
      >
        <div
          class="ant-col ant-col-24 css-dev-only-do-not-override-oc1rc0 css-var-root"
        >
          <div>
            <div
              class="ant-row css-dev-only-do-not-override-oc1rc0 css-var-root"
            >
              <div
                class="ant-col ant-col-24 css-dev-only-do-not-override-oc1rc0 css-var-root"
              >
                <form
                  action="#"
                  class="bg-white pa3"
                >
                  <div
                    class="ant-row mb3 pt2 bg-white css-dev-only-do-not-override-oc1rc0 css-var-root"
                  >
                    <div
                      class="ant-col ant-col-24 css-dev-only-do-not-override-oc1rc0 css-var-root"
                    >
                      <div
                        class="ant-form-item css-var-root ant-form-css-var css-dev-only-do-not-override-oc1rc0 ant-form-item-horizontal"
                      >
                        <div
                          class="ant-row ant-form-item-row css-dev-only-do-not-override-oc1rc0 css-var-root"
                        >
                          <div
                            class="ant-col ant-form-item-label ant-col-sm-24 ant-col-md-5 css-dev-only-do-not-override-oc1rc0 css-var-root"
                          >
                            <label
                              class=""
                            >
                              <span>
                                * Institution name
                              </span>
                            </label>
                          </div>
                          <div
                            class="ant-col ant-form-item-control ant-col-sm-24 ant-col-md-19 css-dev-only-do-not-override-oc1rc0 css-var-root"
                          >
                            <div
                              class="ant-form-item-control-input"
                            >
                              <div
                                class="ant-form-item-control-input-content"
                              >
                                <div
                                  class="ant-space-compact css-dev-only-do-not-override-oc1rc0 ant-space-compact-block"
                                >
                                  <div
                                    class="ant-select ant-select-outlined ant-select-in-form-item ant-select-has-feedback ant-select-compact-item ant-select-compact-first-item ant-select-compact-last-item ant-select-auto-complete css-var-root ant-select-css-var css-dev-only-do-not-override-oc1rc0 ant-select-single ant-select-show-arrow ant-select-show-search"
                                    data-test-type="suggester"
                                    data-testid="identifier"
                                    form="[object Object]"
                                    name="identifier"
                                    searchasyoutype="true"
                                  >
                                    <div
                                      class="ant-select-content"
                                    >
                                      <div
                                        class="ant-select-placeholder"
                                      >
                                        Institution, type for suggestions
                                      </div>
                                      <input
                                        aria-autocomplete="list"
                                        aria-expanded="false"
                                        aria-haspopup="listbox"
                                        autocomplete="new-password"
                                        class="ant-select-input"
                                        id="test-id"
                                        role="combobox"
                                        type="text"
                                        value=""
                                      />
                                    </div>
                                    <div
                                      class="ant-select-suffix"
                                    />
                                  </div>
                                </div>
                              </div>
                            </div>
                          </div>
                        </div>
                      </div>
                    </div>
                  </div>
                  <div
                    class="ant-row ant-row-end css-dev-only-do-not-override-oc1rc0 css-var-root"
                    type="flex"
                  >
                    <button
                      class="ant-btn css-dev-only-do-not-override-oc1rc0 css-var-root ant-btn-primary ant-btn-color-primary ant-btn-variant-solid"
                      data-testid="submit-button"
                      type="submit"
                    >
                      <span>
                        Submit
                      </span>
                    </button>
                  </div>
                </form>
              </div>
            </div>
          </div>
        </div>
      </div>
    </div>
  </div>
</DocumentFragment>
`;
