// Jest Snapshot v1, https://goo.gl/fbAQLP

exports[`InstitutionSubmissionSuccessPageContainer InstitutionSubmissionSucessPage renders 1`] = `
<SubmissionSuccess
  message={
    <span>
      Successfully submitted, thank you for the submission! See the institution
       
      <ForwardRef
        to="/institutions/12345"
      >
        here
      </ForwardRef>
      .
    </span>
  }
/>
`;
