// Jest Snapshot v1, https://goo.gl/fbAQLP

exports[`AssignNoProfileAction renders 1`] = `
<ListItemAction>
  <DropdownMenu
    disabled={true}
    title={
      <Tooltip
        arrowPointAtCenter={false}
        autoAdjustOverflow={true}
        mouseEnterDelay={0.1}
        mouseLeaveDelay={0.1}
        placement="top"
        title={
          <p>
            There is no profile associated to your account. Please contact us at
             
            <a
              href="mailto:authors@inspirehep.net"
            >
              authors@inspirehep.net
            </a>
          </p>
        }
        transitionName="zoom-big-fast"
      >
        <Button
          block={false}
          disabled={true}
          ghost={false}
          htmlType="button"
          loading={false}
        >
          <IconText
            icon={<ForwardRef(FileDoneOutlined) />}
            text="claim"
          />
        </Button>
      </Tooltip>
    }
  />
</ListItemAction>
`;
