// Jest Snapshot v1, https://goo.gl/fbAQLP

exports[`AuthorTwitterAction renders with twitter 1`] = `
<UserActionWrapper>
  <EventTracker
    eventAction="Link"
    eventCategory="Author detail"
    eventId="Twitter"
    eventPropName="onClick"
    extractEventArgsToForward={null}
  >
    <LinkWithTargetBlank
      as="a"
      href="//x.com/harunurhan"
    >
      <Tooltip
        title="X / Twitter"
      >
        <XOutlined />
      </Tooltip>
    </LinkWithTargetBlank>
  </EventTracker>
</UserActionWrapper>
`;
