// Jest Snapshot v1, https://goo.gl/fbAQLP

exports[`ClaimingDisabledButton renders 1`] = `
<UserActionWrapper>
  <DropdownMenu
    disabled={true}
    title={
      <Tooltip
        arrowPointAtCenter={false}
        autoAdjustOverflow={true}
        mouseEnterDelay={0.1}
        mouseLeaveDelay={0.1}
        placement="top"
        title="Login to claim your papers"
      >
        <Button
          data-test-id="btn-claiming-login"
          disabled={true}
        >
          <IconText
            icon={<ForwardRef(FileDoneOutlined) />}
            text="claim"
          />
        </Button>
      </Tooltip>
    }
  />
</UserActionWrapper>
`;
