// Jest Snapshot v1, https://goo.gl/fbAQLP

exports[`InstitutionNameVariantsList renders 1`] = `
<div
  className="__InlineList__"
>
  <span
    className=""
  >
    Name Variants
    : 
  </span>
  <ul>
    <li
      key="Name1"
    >
      <span>
        Name1
      </span>
      , 
    </li>
    <li
      key="Name2"
    >
      <span>
        Name2
      </span>
    </li>
  </ul>
</div>
`;
