// Jest Snapshot v1, https://goo.gl/fbAQLP

exports[`InstitutionAddressList renders with addresses 1`] = `
<DocumentFragment>
  <div
    class="__InlineList__ di"
    data-testid="inline-data-list"
  >
    <ul>
      <li>
        <span>
          <div
            class="__InlineList__ di"
          >
            <ul>
              <li>
                <div
                  class="__InlineList__"
                  data-testid="inline-data-list"
                >
                  <ul>
                    <li>
                      Rue Einstein, 
                    </li>
                    <li>
                      CH-1211 Genève 23
                    </li>
                  </ul>
                </div>
                , 
              </li>
              <li>
                <span>
                  Meyrin
                </span>
                , 
              </li>
              <li>
                <span>
                  Switzerland
                </span>
              </li>
            </ul>
          </div>
        </span>
         • 
      </li>
      <li>
        <span>
          <div
            class="__InlineList__ di"
          >
            <ul>
              <li>
                <span>
                  Geneva
                </span>
                , 
              </li>
              <li>
                <span>
                  Switzerland
                </span>
              </li>
            </ul>
          </div>
        </span>
      </li>
    </ul>
  </div>
</DocumentFragment>
`;
