// Jest Snapshot v1, https://goo.gl/fbAQLP

exports[`JournalSubmissionPageContainer JournalSubmissionPage renders 1`] = `
<DocumentFragment>
  <div
    class="ant-row ant-row-center"
    data-testid="journal-submission-page"
    type="flex"
  >
    <div
      class="ant-col mt3 mb3 ant-col-xs-24 ant-col-md-21 ant-col-lg-16 ant-col-xl-15 ant-col-xxl-14"
    >
      <div
        class="ant-row mb3 pa3 bg-white"
      >
        <div
          class="ant-col ant-col-24"
        >
          <h3>
            Suggest journal
          </h3>
          <span>
            This form allows you to create a new journal record. It will appear in the 
            <a
              href="/journals"
            >
              Journals List
            </a>
             immediately.
          </span>
        </div>
      </div>
      <div
        class="ant-row"
      >
        <div
          class="ant-col ant-col-24"
        >
          <div>
            <div
              class="ant-row"
            >
              <div
                class="ant-col ant-col-24"
              >
                <form
                  action="#"
                  class="bg-white pa3"
                >
                  <div
                    class="ant-row mb3 pt2 bg-white"
                  >
                    <div
                      class="ant-col ant-col-24"
                    >
                      <div
                        class="ant-form-item"
                      >
                        <div
                          class="ant-row ant-form-item-row"
                        >
                          <div
                            class="ant-col ant-form-item-label ant-col-sm-24 ant-col-md-5"
                          >
                            <label
                              class=""
                              title=""
                            >
                              <span>
                                * Short title
                              </span>
                            </label>
                          </div>
                          <div
                            class="ant-col ant-form-item-control ant-col-sm-24 ant-col-md-19"
                          >
                            <div
                              class="ant-form-item-control-input"
                            >
                              <div
                                class="ant-form-item-control-input-content"
                              >
                                <input
                                  class="ant-input"
                                  data-test-id="short_title"
                                  form="[object Object]"
                                  name="short_title"
                                  type="text"
                                  value=""
                                />
                              </div>
                            </div>
                          </div>
                        </div>
                      </div>
                      <div
                        class="ant-form-item"
                      >
                        <div
                          class="ant-row ant-form-item-row"
                        >
                          <div
                            class="ant-col ant-form-item-label ant-col-sm-24 ant-col-md-5"
                          >
                            <label
                              class=""
                              title=""
                            >
                              <span>
                                * Journal Title
                              </span>
                            </label>
                          </div>
                          <div
                            class="ant-col ant-form-item-control ant-col-sm-24 ant-col-md-19"
                          >
                            <div
                              class="ant-form-item-control-input"
                            >
                              <div
                                class="ant-form-item-control-input-content"
                              >
                                <input
                                  class="ant-input"
                                  data-test-id="journal_title"
                                  form="[object Object]"
                                  name="journal_title"
                                  type="text"
                                  value=""
                                />
                              </div>
                            </div>
                          </div>
                        </div>
                      </div>
                    </div>
                  </div>
                  <div
                    class="ant-row ant-row-end"
                  >
                    <button
                      class="ant-btn ant-btn-primary"
                      data-test-id="submit-button"
                      type="submit"
                    >
                      <span>
                        Submit
                      </span>
                    </button>
                  </div>
                </form>
              </div>
            </div>
          </div>
        </div>
      </div>
    </div>
  </div>
</DocumentFragment>
`;
