interactions:
- request:
    body: null
    headers:
      Accept:
      - application/json
      Accept-Encoding:
      - gzip, deflate
      Connection:
      - keep-alive
      Content-Type:
      - application/json
    method: GET
    uri: http://host.docker.internal:8001/api/workflows/literature/6e84fd0b-8d0b-4147-9aee-c28a4f787b0d
  response:
    body:
      string: ''
    headers:
      Connection:
      - close
      Content-Language:
      - en
      Content-Type:
      - text/html; charset=utf-8
      Cross-Origin-Opener-Policy:
      - same-origin
      Date:
      - Tue, 04 Nov 2025 15:43:52 GMT
      Location:
      - /api/workflows/literature/6e84fd0b-8d0b-4147-9aee-c28a4f787b0d/
      Referrer-Policy:
      - same-origin
      Server:
      - WSGIServer/0.2 CPython/3.11.6
      Vary:
      - Accept-Language, Cookie, origin
      X-Content-Type-Options:
      - nosniff
    status:
      code: 301
      message: Moved Permanently
- request:
    body: null
    headers:
      Accept:
      - application/json
      Accept-Encoding:
      - gzip, deflate
      Connection:
      - keep-alive
    method: GET
    uri: http://host.docker.internal:8001/api/workflows/literature/6e84fd0b-8d0b-4147-9aee-c28a4f787b0d/
  response:
    body:
      string: '{"id":"6e84fd0b-8d0b-4147-9aee-c28a4f787b0d","validation_errors":[],"data":{"urls":[{"value":"https://example.com"},{"value":"https://other-page.com"}],"titles":[{"title":"The
        MAGIS-100 Experiment and a Future, Kilometer-scale Atom Interferometer","source":"submitter"}],"$schema":"https://inspirehep.net/schemas/records/hep.json","_collections":["Literature"],"arxiv_eprints":[{"value":"2507.26819","categories":["cs.CV","cs.AI","cs.LG","cs.RO"]}],"document_type":["article"],"_private_notes":[{"value":"Also
        some comments"}],"acquisition_source":{"email":"user@cern.ch","orcid":"0000-0000-0000-0000","method":"submitter","source":"submitter","datetime":"2024-11-18T11:34:19.809575","internal_uid":50872}},"tickets":[],"decisions":[],"workflow_type":"HEP_CREATE","_created_at":"2024-11-25T13:49:53.009000Z","_updated_at":"2024-11-25T13:49:54.756000Z","journal_coverage":null,"relevance_prediction":null,"classifier_results":null,"reference_count":null,"status":"blocked"}'
    headers:
      Allow:
      - GET, PUT, PATCH, DELETE, HEAD, OPTIONS
      Content-Language:
      - en
      Content-Length:
      - '972'
      Content-Type:
      - application/json
      Cross-Origin-Opener-Policy:
      - same-origin
      Date:
      - Tue, 04 Nov 2025 15:43:53 GMT
      Referrer-Policy:
      - same-origin
      Server:
      - WSGIServer/0.2 CPython/3.11.6
      Server-Timing:
      - TimerPanel_utime;dur=315.5829999999469;desc="User CPU time", TimerPanel_stime;dur=0.2089999999839165;desc="System
        CPU time", TimerPanel_total;dur=315.7919999999308;desc="Total CPU time", TimerPanel_total_time;dur=358.37287502363324;desc="Elapsed
        time", SQLPanel_sql_time;dur=18.094460072461516;desc="SQL 12 queries", CachePanel_total_time;dur=0;desc="Cache
        0 Calls"
      Vary:
      - Accept, Accept-Language, Cookie, origin
      X-Content-Type-Options:
      - nosniff
      X-Frame-Options:
      - DENY
      djdt-store-id:
      - e93c77c61af14a96848bf6af405bb2f0
    status:
      code: 200
      message: OK
- request:
    body: null
    headers:
      Accept:
      - application/json
      Accept-Encoding:
      - gzip, deflate
      Connection:
      - keep-alive
      Content-Type:
      - application/json
    method: GET
    uri: http://host.docker.internal:8001/api/workflows/literature/6e84fd0b-8d0b-4147-9aee-c28a4f787b0d
  response:
    body:
      string: ''
    headers:
      Connection:
      - close
      Content-Language:
      - en
      Content-Type:
      - text/html; charset=utf-8
      Cross-Origin-Opener-Policy:
      - same-origin
      Date:
      - Tue, 04 Nov 2025 15:43:53 GMT
      Location:
      - /api/workflows/literature/6e84fd0b-8d0b-4147-9aee-c28a4f787b0d/
      Referrer-Policy:
      - same-origin
      Server:
      - WSGIServer/0.2 CPython/3.11.6
      Vary:
      - Accept-Language, Cookie, origin
      X-Content-Type-Options:
      - nosniff
    status:
      code: 301
      message: Moved Permanently
- request:
    body: null
    headers:
      Accept:
      - application/json
      Accept-Encoding:
      - gzip, deflate
      Connection:
      - keep-alive
    method: GET
    uri: http://host.docker.internal:8001/api/workflows/literature/6e84fd0b-8d0b-4147-9aee-c28a4f787b0d/
  response:
    body:
      string: '{"id":"6e84fd0b-8d0b-4147-9aee-c28a4f787b0d","validation_errors":[],"data":{"urls":[{"value":"https://example.com"},{"value":"https://other-page.com"}],"titles":[{"title":"The
        MAGIS-100 Experiment and a Future, Kilometer-scale Atom Interferometer","source":"submitter"}],"$schema":"https://inspirehep.net/schemas/records/hep.json","_collections":["Literature"],"arxiv_eprints":[{"value":"2507.26819","categories":["cs.CV","cs.AI","cs.LG","cs.RO"]}],"document_type":["article"],"_private_notes":[{"value":"Also
        some comments"}],"acquisition_source":{"email":"user@cern.ch","orcid":"0000-0000-0000-0000","method":"submitter","source":"submitter","datetime":"2024-11-18T11:34:19.809575","internal_uid":50872}},"tickets":[],"decisions":[],"workflow_type":"HEP_CREATE","_created_at":"2024-11-25T13:49:53.009000Z","_updated_at":"2024-11-25T13:49:54.756000Z","journal_coverage":null,"relevance_prediction":null,"classifier_results":null,"reference_count":null,"status":"blocked"}'
    headers:
      Allow:
      - GET, PUT, PATCH, DELETE, HEAD, OPTIONS
      Content-Language:
      - en
      Content-Length:
      - '972'
      Content-Type:
      - application/json
      Cross-Origin-Opener-Policy:
      - same-origin
      Date:
      - Tue, 04 Nov 2025 15:43:53 GMT
      Referrer-Policy:
      - same-origin
      Server:
      - WSGIServer/0.2 CPython/3.11.6
      Server-Timing:
      - TimerPanel_utime;dur=62.67400000001544;desc="User CPU time", TimerPanel_stime;dur=7.6610000000130185;desc="System
        CPU time", TimerPanel_total;dur=70.33500000002846;desc="Total CPU time", TimerPanel_total_time;dur=70.36666601197794;desc="Elapsed
        time", SQLPanel_sql_time;dur=8.634999918285757;desc="SQL 12 queries", CachePanel_total_time;dur=0;desc="Cache
        0 Calls"
      Vary:
      - Accept, Accept-Language, Cookie, origin
      X-Content-Type-Options:
      - nosniff
      X-Frame-Options:
      - DENY
      djdt-store-id:
      - 8571a9019bf64a4eb416cfd30fcc2589
    status:
      code: 200
      message: OK
version: 1
