// Jest Snapshot v1, https://goo.gl/fbAQLP

exports[`Home renders home page 1`] = `
<Row
  align="middle"
  className="__Home__"
  gutter={0}
  justify="center"
  type="flex"
>
  <Col
    span={18}
  >
    <Row
      gutter={0}
    >
      <Col>
        <h2
          className="f2 tc"
        >
          Discover High-Energy Physics content
        </h2>
        <h3
          className="f3 tc mb5"
        >
          INSPIRE Labs provides a sneak preview of new features currently under development.
        </h3>
      </Col>
    </Row>
    <Row
      gutter={0}
    >
      <Col>
        <Connect(SearchBox) />
      </Col>
    </Row>
    <Row
      className="mt4"
      gutter={0}
    >
      <Col
        offset={6}
        span={12}
      >
        <HowToSearch />
      </Col>
    </Row>
  </Col>
</Row>
`;
