// Jest Snapshot v1, https://goo.gl/fbAQLP

exports[`Submissions renders initial state 1`] = `
<Fragment>
  <DocumentHead
    title="Submit"
  />
  <div
    className="w-100"
  >
    <SafeSwitch>
      <Redirect
        exact={true}
        from="/submissions"
        to="/submissions/authors"
      />
      <Route
        component={[Function]}
        exact={true}
        path="/submissions/authors"
      />
      <Route
        component={[Function]}
        exact={true}
        path="/submissions/authors/:id"
      />
      <Route
        component={[Function]}
        exact={true}
        path="/submissions/literature"
      />
      <Route
        component={[Function]}
        exact={true}
        path="/submissions/jobs"
      />
      <Route
        component={[Function]}
        exact={true}
        path="/submissions/jobs/:id"
      />
      <Route
        component={[Function]}
        exact={true}
        path="/submissions/conferences"
      />
      <Route
        component={[Function]}
        exact={true}
        path="/submissions/seminars"
      />
      <Route
        component={[Function]}
        exact={true}
        path="/submissions/seminars/:id"
      />
      <Redirect
        exact={true}
        from="/submissions/authors/:id/success"
        to="/submissions/success"
      />
      <Redirect
        exact={true}
        from="/submissions/authors/new/success"
        to="/submissions/success"
      />
      <Redirect
        exact={true}
        from="/submissions/seminars/:id/success"
        to="/submissions/success"
      />
      <Redirect
        exact={true}
        from="/submissions/seminars/new/success"
        to="/submissions/success"
      />
      <Redirect
        exact={true}
        from="/submissions/literature/new/success"
        to="/submissions/success"
      />
      <Redirect
        exact={true}
        from="/submissions/jobs/new/success"
        to="/submissions/success"
      />
      <Route
        component={[Function]}
        exact={true}
        path="/submissions/jobs/:id/success"
      />
      <Route
        component={[Function]}
        exact={true}
        path="/submissions/conferences/new/success"
      />
      <Route
        component={[Function]}
        exact={true}
        path="/submissions/success"
      />
    </SafeSwitch>
  </div>
</Fragment>
`;
