// Jest Snapshot v1, https://goo.gl/fbAQLP

exports[`Submissions renders initial state 1`] = `
<div
  className="w-100"
>
  <Route
    component={[Function]}
    exact={true}
    path="/submissions/authors"
  />
  <Route
    component={[Function]}
    exact={true}
    path="/submissions/authors/:id"
  />
  <Route
    component={[Function]}
    exact={true}
    path="/submissions/success"
  />
</div>
`;
