// Vitest Snapshot v1, https://vitest.dev/guide/snapshot.html

exports[`Data > renders initial state 1`] = `
<DocumentFragment>
  <div
    class="__Data__ w-100"
    data-testid="data"
  >
    <div
      class="ant-row"
    >
      <div
        class="ant-col ant-col-xs-24"
      >
        <div
          class="ant-row ant-row-center mt3"
          data-testid="data-search-page-container"
          style=""
          type="flex"
        >
          <div
            class="ant-col ant-col-xs-0 ant-col-lg-7"
            style=""
          />
          <div
            class="ant-col ant-col-xs-24 ant-col-lg-17"
            style=""
          >
            <div
              class="ant-row ant-row-end ant-row-middle"
              type="flex"
            >
              <div
                class="ant-col ant-col-xs-24 ant-col-lg-12"
              >
                <span
                  data-testid="number-of-results"
                >
                  0 results
                </span>
              </div>
              <div
                class="ant-col ant-col-xs-12 ant-col-lg-0"
              />
              <div
                class="ant-col ant-col-12 tr"
              />
            </div>
            <div
              class="ant-row"
            >
              <div
                class="ant-col ant-col-24"
              >
                <div
                  data-testid="search-results"
                />
              </div>
            </div>
          </div>
        </div>
      </div>
    </div>
  </div>
</DocumentFragment>
`;
