// Jest Snapshot v1, https://goo.gl/fbAQLP

exports[`DisabledEditRecordAction renders with message 1`] = `
<ListItemAction>
  <Tooltip
    arrowPointAtCenter={false}
    autoAdjustOverflow={true}
    mouseEnterDelay={0.1}
    mouseLeaveDelay={0.1}
    placement="top"
    title="Can not be edited"
    transitionName="zoom-big-fast"
  >
    <Button
      block={false}
      disabled={true}
      ghost={false}
      htmlType="button"
      loading={false}
    >
      <IconText
        icon={<ForwardRef(EditOutlined) />}
        text="edit"
      />
    </Button>
  </Tooltip>
</ListItemAction>
`;
