// Jest Snapshot v1, https://goo.gl/fbAQLP

exports[`PublicationInfoList renders with wrapperClassName 1`] = `
<DocumentFragment>
  <div
    class="__InlineList__"
    data-testid="inline-data-list"
  >
    <span
      class=""
    >
      Published in: 
    </span>
    <ul>
      <li>
        <span>
          <span>
            <i>
              Test Journal
            </i>
          </span>
        </span>
      </li>
    </ul>
  </div>
</DocumentFragment>
`;
