// Jest Snapshot v1, https://goo.gl/fbAQLP

exports[`Literature does not navigate to ReferenceDiffInterfaceContainer when user is not authorised 1`] = `
<DocumentFragment>
  <div
    class="__Literature__"
    data-testid="literature"
  />
</DocumentFragment>
`;

exports[`Literature navigates to DetailPageContainer when /literature/:id 1`] = `
<DocumentFragment>
  <div
    class="__Literature__"
    data-testid="literature"
  >
    <div
      class="ant-row ant-row-center ant-row-middle w-100"
      type="flex"
    >
      <div
        class="ant-col"
      >
        <div
          class="tc pa4"
          data-test-id="loading"
        >
          <div
            aria-busy="true"
            aria-live="polite"
            class="ant-spin ant-spin-spinning ant-spin-show-text"
          >
            <span
              class="ant-spin-dot ant-spin-dot-spin"
            >
              <i
                class="ant-spin-dot-item"
              />
              <i
                class="ant-spin-dot-item"
              />
              <i
                class="ant-spin-dot-item"
              />
              <i
                class="ant-spin-dot-item"
              />
            </span>
            <div
              class="ant-spin-text"
            >
              Loading ...
            </div>
          </div>
        </div>
      </div>
    </div>
  </div>
</DocumentFragment>
`;

exports[`Literature navigates to ReferenceDiffInterfaceContainer when /literature/:id/diff/:old..:new 1`] = `
<DocumentFragment>
  <div
    class="__Literature__"
    data-testid="literature"
  >
    <div
      class="ant-row ant-row-center ant-row-middle w-100"
      type="flex"
    >
      <div
        class="ant-col"
      >
        <div
          class="tc pa4"
          data-test-id="loading"
        >
          <div
            aria-busy="true"
            aria-live="polite"
            class="ant-spin ant-spin-spinning ant-spin-show-text"
          >
            <span
              class="ant-spin-dot ant-spin-dot-spin"
            >
              <i
                class="ant-spin-dot-item"
              />
              <i
                class="ant-spin-dot-item"
              />
              <i
                class="ant-spin-dot-item"
              />
              <i
                class="ant-spin-dot-item"
              />
            </span>
            <div
              class="ant-spin-text"
            >
              Loading ...
            </div>
          </div>
        </div>
      </div>
    </div>
  </div>
</DocumentFragment>
`;

exports[`Literature navigates to SearchPageContainer when /literature 1`] = `
<DocumentFragment>
  <div
    class="__Literature__"
    data-testid="literature"
  >
    <div
      class="ant-row"
    >
      <div
        class="ant-col ant-col-xs-24"
      >
        <div
          class="ant-row ant-row-center mt3"
          style="margin-left: -16px; margin-right: -16px;"
          type="flex"
        >
          <div
            class="ant-col ant-col-xs-0 ant-col-lg-7"
            style="padding-left: 16px; padding-right: 16px;"
          />
          <div
            class="ant-col ant-col-xs-24 ant-col-lg-17"
            style="padding-left: 16px; padding-right: 16px;"
          >
            <div
              class="ant-row ant-row-end ant-row-middle"
              type="flex"
            >
              <div
                class="ant-col ant-col-xs-24 ant-col-lg-12"
              >
                <span>
                  <span>
                    0 results
                  </span>
                </span>
                <div
                  class="ant-divider ant-divider-vertical __VerticalDivider__"
                  role="separator"
                />
                <span
                  class="__UserAction__"
                >
                  <button
                    class="ant-btn ant-btn-default ant-dropdown-trigger"
                    type="button"
                  >
                    <span
                      class="__IconText__"
                    >
                      <span
                        class="icon"
                      >
                        <span
                          aria-label="export"
                          class="anticon anticon-export"
                          role="img"
                        >
                          <svg
                            aria-hidden="true"
                            data-icon="export"
                            fill="currentColor"
                            fill-rule="evenodd"
                            focusable="false"
                            height="1em"
                            viewBox="64 64 896 896"
                            width="1em"
                          >
                            <path
                              d="M880 912H144c-17.7 0-32-14.3-32-32V144c0-17.7 14.3-32 32-32h360c4.4 0 8 3.6 8 8v56c0 4.4-3.6 8-8 8H184v656h656V520c0-4.4 3.6-8 8-8h56c4.4 0 8 3.6 8 8v360c0 17.7-14.3 32-32 32zM770.87 199.13l-52.2-52.2a8.01 8.01 0 014.7-13.6l179.4-21c5.1-.6 9.5 3.7 8.9 8.9l-21 179.4c-.8 6.6-8.9 9.4-13.6 4.7l-52.4-52.4-256.2 256.2a8.03 8.03 0 01-11.3 0l-42.4-42.4a8.03 8.03 0 010-11.3l256.1-256.3z"
                            />
                          </svg>
                        </span>
                      </span>
                      <span
                        class="v-top"
                      >
                        cite all
                      </span>
                    </span>
                  </button>
                </span>
              </div>
              <div
                class="ant-col ant-col-xs-8 ant-col-lg-0"
              />
              <div
                class="ant-col tr ant-col-xs-16 ant-col-lg-12"
              >
                <span
                  class="mr2"
                >
                  <span
                    class="pr2 dn di-m di-l"
                    style="vertical-align: middle;"
                  >
                    Citation Summary
                  </span>
                  <button
                    aria-checked="false"
                    class="ant-switch"
                    role="switch"
                    type="button"
                  >
                    <div
                      class="ant-switch-handle"
                    />
                    <span
                      class="ant-switch-inner"
                    >
                      <span
                        aria-label="bar-chart"
                        class="anticon anticon-bar-chart"
                        role="img"
                      >
                        <svg
                          aria-hidden="true"
                          data-icon="bar-chart"
                          fill="currentColor"
                          focusable="false"
                          height="1em"
                          viewBox="64 64 896 896"
                          width="1em"
                        >
                          <path
                            d="M888 792H200V168c0-4.4-3.6-8-8-8h-56c-4.4 0-8 3.6-8 8v688c0 4.4 3.6 8 8 8h752c4.4 0 8-3.6 8-8v-56c0-4.4-3.6-8-8-8zm-600-80h56c4.4 0 8-3.6 8-8V560c0-4.4-3.6-8-8-8h-56c-4.4 0-8 3.6-8 8v144c0 4.4 3.6 8 8 8zm152 0h56c4.4 0 8-3.6 8-8V384c0-4.4-3.6-8-8-8h-56c-4.4 0-8 3.6-8 8v320c0 4.4 3.6 8 8 8zm152 0h56c4.4 0 8-3.6 8-8V462c0-4.4-3.6-8-8-8h-56c-4.4 0-8 3.6-8 8v242c0 4.4 3.6 8 8 8zm152 0h56c4.4 0 8-3.6 8-8V304c0-4.4-3.6-8-8-8h-56c-4.4 0-8 3.6-8 8v400c0 4.4 3.6 8 8 8z"
                          />
                        </svg>
                      </span>
                    </span>
                  </button>
                </span>
              </div>
            </div>
            <div
              class="ant-row"
            >
              <div
                class="ant-col ant-col-24"
              >
                <div
                  data-testid="search-results"
                />
              </div>
            </div>
          </div>
        </div>
      </div>
    </div>
  </div>
</DocumentFragment>
`;
