// Vitest Snapshot v1, https://vitest.dev/guide/snapshot.html

exports[`AuthorOrcid > renders with orcid 1`] = `
<DocumentFragment>
  <a
    class="__AuthorOrcid__"
    href="//orcid.org/0000-0001-8058-0014"
    target="_blank"
  >
    <img
      alt="ORCID"
      src="/src/common/assets/orcid.svg"
    />
  </a>
</DocumentFragment>
`;
