// Vitest Snapshot v1, https://vitest.dev/guide/snapshot.html

exports[`InstitutionForm > renders 1`] = `
<DocumentFragment>
  <form
    action="#"
    class="bg-white pa3"
  >
    <div
      class="ant-row mb3 pt2 bg-white css-dev-only-do-not-override-mncuj7"
    >
      <div
        class="ant-col ant-col-24 css-dev-only-do-not-override-mncuj7"
      >
        <div
          class="ant-form-item css-dev-only-do-not-override-mncuj7 ant-form-item-horizontal"
        >
          <div
            class="ant-row ant-form-item-row css-dev-only-do-not-override-mncuj7"
          >
            <div
              class="ant-col ant-form-item-label ant-col-sm-24 ant-col-md-5 css-dev-only-do-not-override-mncuj7"
            >
              <label
                class=""
                title=""
              >
                <span
                  aria-describedby="test-id"
                >
                  * Institution name
                </span>
              </label>
            </div>
            <div
              class="ant-col ant-form-item-control ant-col-sm-24 ant-col-md-19 css-dev-only-do-not-override-mncuj7"
            >
              <div
                class="ant-form-item-control-input"
              >
                <div
                  class="ant-form-item-control-input-content"
                >
                  <div
                    class="ant-select ant-select-outlined ant-select-in-form-item ant-select-auto-complete css-dev-only-do-not-override-mncuj7 ant-select-single ant-select-show-search"
                    data-test-id="identifier"
                    data-test-type="suggester"
                    form="[object Object]"
                    name="identifier"
                    searchasyoutype="true"
                  >
                    <div
                      class="ant-select-selector"
                    >
                      <span
                        class="ant-select-selection-wrap"
                      >
                        <span
                          class="ant-select-selection-search"
                        >
                          <input
                            aria-autocomplete="list"
                            aria-controls="rc_select_TEST_OR_SSR_list"
                            aria-expanded="false"
                            aria-haspopup="listbox"
                            aria-owns="rc_select_TEST_OR_SSR_list"
                            autocomplete="off"
                            class="ant-select-selection-search-input"
                            id="rc_select_TEST_OR_SSR"
                            role="combobox"
                            type="search"
                            value=""
                          />
                        </span>
                        <span
                          class="ant-select-selection-placeholder"
                        >
                          Institution, type for suggestions
                        </span>
                      </span>
                    </div>
                  </div>
                </div>
              </div>
            </div>
          </div>
        </div>
      </div>
    </div>
    <div
      class="ant-row ant-row-end css-dev-only-do-not-override-mncuj7"
      type="flex"
    >
      <button
        class="ant-btn css-dev-only-do-not-override-mncuj7 ant-btn-primary ant-btn-color-primary ant-btn-variant-solid"
        data-test-id="submit-button"
        type="submit"
      >
        <span>
          Submit
        </span>
      </button>
    </div>
  </form>
</DocumentFragment>
`;
