// Jest Snapshot v1, https://goo.gl/fbAQLP

exports[`Literature renders initial state 1`] = `
<div
  className="w-100"
>
  <Route
    component={[Function]}
    exact={true}
    path="/holdingpen/dashboard"
  />
  <Route
    component={[Function]}
    exact={true}
    path="/holdingpen/exceptions"
  />
  <Route
    component={[Function]}
    exact={true}
    path="/holdingpen/inspect/:id"
  />
</div>
`;
