// Jest Snapshot v1, https://goo.gl/fbAQLP

exports[`UserFeedback calls trackEvent with feedback on modal Ok and renders thank you 1`] = `
<div
  className="__UserFeedback__"
>
  <Button
    className="feedback-button"
    data-test-id="sticky"
    icon={<MessageOutlined />}
    onClick={[Function]}
    size="large"
    type="primary"
  >
    <ResponsiveView
      min="sm"
      render={[Function]}
    />
  </Button>
  <Modal
    afterClose={[Function]}
    data-testid="user-feedback"
    footer={null}
    okButtonProps={
      Object {
        "disabled": true,
      }
    }
    okText="Submit"
    onCancel={[Function]}
    onOk={[Function]}
    open={false}
    title="Your Feedback"
  >
    <ModalSuccessResult>
      <div>
        Thank you for your response.
      </div>
      <div>
        For further feedback, please
         
        <LinkWithTargetBlank
          as="a"
          href="https://forms.gle/ZQi31GvXXHcsgXgM6"
        >
          take our survey
        </LinkWithTargetBlank>
        .
      </div>
      <div>
        It takes around 5 minutes to complete.
      </div>
    </ModalSuccessResult>
  </Modal>
</div>
`;
