// Jest Snapshot v1, https://goo.gl/fbAQLP

exports[`JournalTitlesListModal renders with props 1`] = `
<Modal
  confirmLoading={false}
  footer={null}
  maskTransitionName="fade"
  okType="primary"
  onCancel={[MockFunction]}
  transitionName="zoom"
  visible={false}
  width={520}
>
  <List
    bordered={false}
    dataSource={
      Array [
        "Test1",
        "Test2",
      ]
    }
    header={
      <h3>
        Title variants
      </h3>
    }
    loading={false}
    pagination={
      Object {
        "hideOnSinglePage": true,
        "pageSize": 8,
        "size": "small",
      }
    }
    renderItem={[Function]}
    size="small"
    split={true}
  />
</Modal>
`;
